
GIT and Git hub in dEVoops
prafu@Praful MINGW64 ~/OneDrive/डेस्कटॉप/Demo project (master)
$ git init
Reinitialized existing Git repository in C:/Users/prafu/OneDrive/डेस्कटॉप/Demo project/.git/

prafu@Praful MINGW64 ~/OneDrive/डेस्कटॉप/Demo project (master)
$ git status
On branch master

No commits yet

nothing to commit (create/copy files and use "git add" to track)

prafu@Praful MINGW64 ~/OneDrive/डेस्कटॉप/Demo project (master)
$ touch index.html

prafu@Praful MINGW64 ~/OneDrive/डेस्कटॉप/Demo project (master)
$ git status
On branch master

No commits yet

Untracked files:
  (use "git add <file>..." to include in what will be committed)
        index.html

nothing added to commit but untracked files present (use "git add" to track)

prafu@Praful MINGW64 ~/OneDrive/डेस्कटॉप/Demo project (master)
$ git add index.html

prafu@Praful MINGW64 ~/OneDrive/डेस्कटॉप/Demo project (master)
$ git config --global user.name "Prafullata2003"

prafu@Praful MINGW64 ~/OneDrive/डेस्कटॉप/Demo project (master)
$ git config --global user.email prafulohol@gmail.com

prafu@Praful MINGW64 ~/OneDrive/डेस्कटॉप/Demo project (master)
$ git commit -m "index.html created"
[master (root-commit) 0aeca6b] index.html created
 1 file changed, 0 insertions(+), 0 deletions(-)
 create mode 100644 index.html

prafu@Praful MINGW64 ~/OneDrive/डेस्कटॉप/Demo project (master)
$ ^[[200~$ ^[[200~https://github.com/Prafullata2003/Demo-project-.git~
bash: $'\E[200~$': command not found

prafu@Praful MINGW64 ~/OneDrive/डेस्कटॉप/Demo project (master)
$  git remote add origin https://github.com/Prafullata2003/Demo-project-.git

prafu@Praful MINGW64 ~/OneDrive/डेस्कटॉप/Demo project (master)
$ git push origin master
remote: Invalid username or password.
fatal: Authentication failed for 'https://github.com/Prafullata2003/Demo-project-.git/'

prafu@Praful MINGW64 ~/OneDrive/डेस्कटॉप/Demo project (master)
$ git commit -m "index.html created"
On branch master
nothing to commit, working tree clean

prafu@Praful MINGW64 ~/OneDrive/डेस्कटॉप/Demo project (master)
$ git remote add origin ^C

prafu@Praful MINGW64 ~/OneDrive/डेस्कटॉप/Demo project (master)
$ git remote add origin https://github.com/Prafullata2003/Demo-project-.git
error: remote origin already exists.

prafu@Praful MINGW64 ~/OneDrive/डेस्कटॉप/Demo project (master)
$ git push origin master
info: please complete authentication in your browser...
Enumerating objects: 3, done.
Counting objects: 100% (3/3), done.
Writing objects: 100% (3/3), 222 bytes | 222.00 KiB/s, done.
Total 3 (delta 0), reused 0 (delta 0), pack-reused 0 (from 0)
To https://github.com/Prafullata2003/Demo-project-.git
 * [new branch]      master -> master

prafu@Praful MINGW64 ~/OneDrive/डेस्कटॉप/Demo project (master)
$
